[Thu Jul  9 19:14:28 CST 2026] MAT2: per-model venvs -> pymatgen refs -> roster -> oam -> hull
ERROR: pip's dependency resolver does not currently take into account all the packages that are installed. This behaviour is the source of the following dependency conflicts.
fairchem-core 2.21.0 requires e3nn>=0.5, but you have e3nn 0.4.4 which is incompatible.
sevenn 0.13.0 requires e3nn>=0.5.0, but you have e3nn 0.4.4 which is incompatible.

[notice] A new release of pip is available: 24.0 -> 26.1.2
[notice] To update, run: python3 -m pip install --upgrade pip
VENV_mace_OK

[notice] A new release of pip is available: 24.0 -> 26.1.2
[notice] To update, run: python3 -m pip install --upgrade pip
VENV_orb_OK

[notice] A new release of pip is available: 24.0 -> 26.1.2
[notice] To update, run: python3 -m pip install --upgrade pip
VENV_mattersim_OK
schema probe: container dict n= 2 first keys: ['0', '1', '10', '100', '1000', '10000', '100000', '100001']
REFS_DERIVED elements=0 from 0 elemental entries
Traceback (most recent call last):
  File "<stdin>", line 26, in <module>
AssertionError: too few elements: 0
DERIVE_REFS_FAILED
MAT_SESSION2_DONE
