[Thu Jul  9 18:38:38 CST 2026] MAT SESSION: pips -> fetch -> derive-refs -> roster -> oam -> hull
Looking in indexes: https://pypi.tuna.tsinghua.edu.cn/simple
Collecting mace-torch
  Downloading https://pypi.tuna.tsinghua.edu.cn/packages/6d/4d/07293363e4abe6484c9ee4d705e5953421a6b6e2a74e4d7fb58abea729cf/mace_torch-0.3.16-py3-none-any.whl (316 kB)
     ━━━━━━━━━━━━━━━━━━━━━━━━━━━━━━━━━━━━━ 316.0/316.0 kB 194.2 kB/s eta 0:00:00
Collecting orb-models
  Downloading https://pypi.tuna.tsinghua.edu.cn/packages/03/1d/8e61628ffea42a56c0f8bc251e71344d7e2c43bc61f0e43dae22a1ca8ce6/orb_models-0.7.0-py3-none-any.whl (416 kB)
     ━━━━━━━━━━━━━━━━━━━━━━━━━━━━━━━━━━━━━━━ 416.2/416.2 kB 2.3 MB/s eta 0:00:00
Collecting mattersim
  Downloading https://pypi.tuna.tsinghua.edu.cn/packages/63/00/5ebc37661b3333793b2861827439cc8e2a3129dd0c9694d54028328650ef/mattersim-1.2.5-cp312-cp312-manylinux_2_17_x86_64.manylinux2014_x86_64.whl (755 kB)
     ━━━━━━━━━━━━━━━━━━━━━━━━━━━━━━━━━━━━━━━ 755.9/755.9 kB 1.2 MB/s eta 0:00:00
Requirement already satisfied: torch>=1.12 in /root/miniconda3/lib/python3.12/site-packages (from mace-torch) (2.8.0+cu128)
Collecting e3nn==0.4.4 (from mace-torch)
  Downloading https://pypi.tuna.tsinghua.edu.cn/packages/9a/b6/c8327065d1dd8bca28521fe65ff72b649ed17ca8a1f0c1f498006d7567b7/e3nn-0.4.4-py3-none-any.whl (387 kB)
     ━━━━━━━━━━━━━━━━━━━━━━━━━━━━━━━━━━━━━ 387.7/387.7 kB 344.0 kB/s eta 0:00:00
Requirement already satisfied: numpy in /root/miniconda3/lib/python3.12/site-packages (from mace-torch) (2.3.2)
Requirement already satisfied: opt_einsum in /root/miniconda3/lib/python3.12/site-packages (from mace-torch) (3.4.0)
Requirement already satisfied: ase in /root/miniconda3/lib/python3.12/site-packages (from mace-torch) (3.29.0)
Collecting torch-ema (from mace-torch)
  Downloading https://pypi.tuna.tsinghua.edu.cn/packages/c0/f1/a47c831436595cffbfd69a19ea129a23627120b13f4886499e58775329d1/torch_ema-0.3-py3-none-any.whl (5.5 kB)
Collecting prettytable (from mace-torch)
  Downloading https://pypi.tuna.tsinghua.edu.cn/packages/fe/be/2e6798ace5cc036f5d05d36b7b2fd85346f1a708c87060890b070d0ec607/prettytable-3.18.0-py3-none-any.whl (37 kB)
Requirement already satisfied: matscipy in /root/miniconda3/lib/python3.12/site-packages (from mace-torch) (1.2.0)
Collecting h5py (from mace-torch)
  Downloading https://pypi.tuna.tsinghua.edu.cn/packages/9e/e9/1a19e42cd43cc1365e127db6aae85e1c671da1d9a5d746f4d34a50edb577/h5py-3.16.0-cp312-cp312-manylinux_2_28_x86_64.whl (5.4 MB)
     ━━━━━━━━━━━━━━━━━━━━━━━━━━━━━━━━━━━━━━━━ 5.4/5.4 MB 65.3 MB/s eta 0:00:00
Collecting torchmetrics (from mace-torch)
  Downloading https://pypi.tuna.tsinghua.edu.cn/packages/c3/a2/c7f6ebf546f8f644edf0f999aa98ece106986a77a7b922316bf6414ff825/torchmetrics-1.9.0-py3-none-any.whl (983 kB)
     ━━━━━━━━━━━━━━━━━━━━━━━━━━━━━━━━━━━━━━ 983.4/983.4 kB 34.5 MB/s eta 0:00:00
Collecting python-hostlist (from mace-torch)
  Downloading https://pypi.tuna.tsinghua.edu.cn/packages/90/cc/bb6395c3f2b6bb739b1d3fc0e71f94e6a1c2e256df496237cbfd13cd74a6/python_hostlist-2.3.0.tar.gz (37 kB)
  Preparing metadata (setup.py): started
  Preparing metadata (setup.py): finished with status 'done'
Collecting configargparse (from mace-torch)
  Downloading https://pypi.tuna.tsinghua.edu.cn/packages/fe/19/3ba5e1b0bcc7b91aeab6c258afd70e4907d220fed3972febe38feb40db30/configargparse-1.7.5-py3-none-any.whl (27 kB)
Requirement already satisfied: GitPython in /root/miniconda3/lib/python3.12/site-packages (from mace-torch) (3.1.50)
Requirement already satisfied: pyYAML in /root/miniconda3/lib/python3.12/site-packages (from mace-torch) (6.0.2)
Requirement already satisfied: tqdm in /root/miniconda3/lib/python3.12/site-packages (from mace-torch) (4.68.4)
Requirement already satisfied: lmdb in /root/miniconda3/lib/python3.12/site-packages (from mace-torch) (1.7.3)
Requirement already satisfied: orjson in /root/miniconda3/lib/python3.12/site-packages (from mace-torch) (3.11.9)
Requirement already satisfied: matplotlib in /root/miniconda3/lib/python3.12/site-packages (from mace-torch) (3.10.5)
Requirement already satisfied: pandas in /root/miniconda3/lib/python3.12/site-packages (from mace-torch) (3.0.3)
Requirement already satisfied: sympy in /root/miniconda3/lib/python3.12/site-packages (from e3nn==0.4.4->mace-torch) (1.14.0)
Requirement already satisfied: scipy in /root/miniconda3/lib/python3.12/site-packages (from e3nn==0.4.4->mace-torch) (1.18.0)
Requirement already satisfied: opt-einsum-fx>=0.1.4 in /root/miniconda3/lib/python3.12/site-packages (from e3nn==0.4.4->mace-torch) (0.1.4)
Collecting cached-path>=1.7.1 (from orb-models)
  Downloading https://pypi.tuna.tsinghua.edu.cn/packages/7b/db/ccb08109c7056b0670384fc5042be5eacd1391eb12485188e92ca97ced21/cached_path-1.8.10-py3-none-any.whl (37 kB)
Collecting dm-tree==0.1.8 (from orb-models)
  Downloading https://pypi.tuna.tsinghua.edu.cn/packages/c9/d4/8cbb857612ca69763ee4f4f97c7b91659df1d373d62237cb9c772e55ae97/dm_tree-0.1.8-cp312-cp312-manylinux_2_17_x86_64.manylinux2014_x86_64.whl (152 kB)
     ━━━━━━━━━━━━━━━━━━━━━━━━━━━━━━━━━━━━━ 152.8/152.8 kB 211.3 kB/s eta 0:00:00
Collecting nvalchemi-toolkit-ops<0.4,>=0.3.1 (from nvalchemi-toolkit-ops[torch]<0.4,>=0.3.1->orb-models)
  Downloading https://pypi.tuna.tsinghua.edu.cn/packages/d5/44/7c7e8d52460755918810a1486c08ed4cc7bb810c9fbc186f8e2e02c0b856/nvalchemi_toolkit_ops-0.3.1-py3-none-any.whl (464 kB)
     ━━━━━━━━━━━━━━━━━━━━━━━━━━━━━━━━━━━━━━━ 464.2/464.2 kB 1.1 MB/s eta 0:00:00
Collecting azure-identity (from mattersim)
  Downloading https://pypi.tuna.tsinghua.edu.cn/packages/49/9a/417b3a533e01953a7c618884df2cb05a71e7b68bdbce4fbdb62349d2a2e8/azure_identity-1.25.3-py3-none-any.whl (192 kB)
     ━━━━━━━━━━━━━━━━━━━━━━━━━━━━━━━━━━━━━ 192.1/192.1 kB 555.5 kB/s eta 0:00:00
Collecting azure-storage-blob (from mattersim)
  Downloading https://pypi.tuna.tsinghua.edu.cn/packages/5e/0b/e106f0fd7fa785867d9ffcc47dc9e6237c0e58f51058473b777487a98edc/azure_storage_blob-12.30.0-py3-none-any.whl (435 kB)
     ━━━━━━━━━━━━━━━━━━━━━━━━━━━━━━━━━━━━━ 435.6/435.6 kB 865.8 kB/s eta 0:00:00
Requirement already satisfied: scikit-learn in /root/miniconda3/lib/python3.12/site-packages (from mattersim) (1.9.0)
Collecting deprecated (from mattersim)
  Downloading https://pypi.tuna.tsinghua.edu.cn/packages/84/d0/205d54408c08b13550c733c4b85429e7ead111c7f0014309637425520a9a/deprecated-1.3.1-py2.py3-none-any.whl (11 kB)
INFO: pip is looking at multiple versions of mattersim to determine which version is compatible with other requirements. This could take a while.
Collecting mattersim
  Downloading https://pypi.tuna.tsinghua.edu.cn/packages/a8/eb/8dbd48eb75d19a93c0a3f63c5fdee0aac5c073872e42ad18ddd159bb2d68/mattersim-1.2.4-cp312-cp312-manylinux_2_17_x86_64.manylinux2014_x86_64.whl (757 kB)
     ━━━━━━━━━━━━━━━━━━━━━━━━━━━━━━━━━━━━━━ 757.7/757.7 kB 86.4 kB/s eta 0:00:00
  Downloading https://pypi.tuna.tsinghua.edu.cn/packages/58/e5/2558733af812de0b08ac64546e09e4a22fde180379c1d95eaded4b53500f/mattersim-1.2.3-cp312-cp312-manylinux_2_17_x86_64.manylinux2014_x86_64.whl (723 kB)
     ━━━━━━━━━━━━━━━━━━━━━━━━━━━━━━━━━━━━━ 723.6/723.6 kB 188.7 kB/s eta 0:00:00
  Downloading https://pypi.tuna.tsinghua.edu.cn/packages/4c/46/12ad48ddcfab9b699c46a0d7997123aed06d1ce601e96413ff77fc812636/mattersim-1.2.2-cp312-cp312-manylinux_2_17_x86_64.manylinux2014_x86_64.whl (715 kB)
     ━━━━━━━━━━━━━━━━━━━━━━━━━━━━━━━━━━━━━ 715.4/715.4 kB 201.5 kB/s eta 0:00:00
  Downloading https://pypi.tuna.tsinghua.edu.cn/packages/38/9d/e82e070b42f56fc662f6dfb172513196682687cb7e0c9cd26a352077e604/mattersim-1.2.1-cp312-cp312-manylinux_2_17_x86_64.manylinux2014_x86_64.whl (715 kB)
     ━━━━━━━━━━━━━━━━━━━━━━━━━━━━━━━━━━━━━ 715.4/715.4 kB 212.9 kB/s eta 0:00:00
  Downloading https://pypi.tuna.tsinghua.edu.cn/packages/07/67/c04f23f3afaa80cdf87adae09ff4b3db9579fedde95b8c8ae4fe5bbd6b4a/mattersim-1.2.0-cp312-cp312-manylinux_2_17_x86_64.manylinux2014_x86_64.whl (722 kB)
     ━━━━━━━━━━━━━━━━━━━━━━━━━━━━━━━━━━━━━ 722.6/722.6 kB 320.6 kB/s eta 0:00:00
  Downloading https://pypi.tuna.tsinghua.edu.cn/packages/80/7c/e137202d30fbc5b39a9f6065a61ffa705e5dfc46fc9aa4986e06d0cb84de/mattersim-1.1.2-cp312-cp312-manylinux_2_17_x86_64.manylinux2014_x86_64.whl (711 kB)
     ━━━━━━━━━━━━━━━━━━━━━━━━━━━━━━━━━━━━━ 711.7/711.7 kB 330.7 kB/s eta 0:00:00
  Downloading https://pypi.tuna.tsinghua.edu.cn/packages/78/75/3b350f3e643200c39e135eef4ee752b87e139cc9023582e4aeed47d3a6d2/mattersim-1.1.1-cp312-cp312-manylinux_2_17_x86_64.manylinux2014_x86_64.whl (712 kB)
     ━━━━━━━━━━━━━━━━━━━━━━━━━━━━━━━━━━━━━ 712.8/712.8 kB 255.1 kB/s eta 0:00:00
INFO: pip is still looking at multiple versions of mattersim to determine which version is compatible with other requirements. This could take a while.
  Downloading https://pypi.tuna.tsinghua.edu.cn/packages/be/20/7777a1ad84e0d9d4c9c4513319441f37ca7fe23654428aafd5ef537ddf35/mattersim-1.1.0-cp312-cp312-manylinux_2_17_x86_64.manylinux2014_x86_64.whl (711 kB)
     ━━━━━━━━━━━━━━━━━━━━━━━━━━━━━━━━━━━━━ 711.2/711.2 kB 175.4 kB/s eta 0:00:00
  Downloading https://pypi.tuna.tsinghua.edu.cn/packages/77/6d/016aac10f5ead4ec9a7756d7fc83d8c0682295573af16f8ee68c5959b146/mattersim-1.0.0-cp312-cp312-manylinux_2_17_x86_64.manylinux2014_x86_64.whl (696 kB)
     ━━━━━━━━━━━━━━━━━━━━━━━━━━━━━━━━━━━━━ 696.7/696.7 kB 158.3 kB/s eta 0:00:00
Collecting mace-torch
  Downloading https://pypi.tuna.tsinghua.edu.cn/packages/01/6d/d5b578dce5c995ce8c9cbeb53871331e575a09bf11ca4739fac770665b6e/mace_torch-0.3.15-py3-none-any.whl (264 kB)
     ━━━━━━━━━━━━━━━━━━━━━━━━━━━━━━━━━━━━━ 264.3/264.3 kB 117.0 kB/s eta 0:00:00
INFO: This is taking longer than usual. You might need to provide the dependency resolver with stricter constraints to reduce runtime. See https://pip.pypa.io/warnings/backtracking for guidance. If you want to abort this run, press Ctrl + C.
  Downloading https://pypi.tuna.tsinghua.edu.cn/packages/c6/53/7d7b1de354a43e11cb19b370f81833f078f931aff4555b24e869013eea1a/mace_torch-0.3.14-py3-none-any.whl (237 kB)
     ━━━━━━━━━━━━━━━━━━━━━━━━━━━━━━━━━━━━━ 237.1/237.1 kB 112.0 kB/s eta 0:00:00
  Downloading https://pypi.tuna.tsinghua.edu.cn/packages/88/e2/bbb81a1a03c539a38402c1a21debc8e6f09b4d8bbfd84fa54b3d43838f82/mace_torch-0.3.13-py3-none-any.whl (202 kB)
     ━━━━━━━━━━━━━━━━━━━━━━━━━━━━━━━━━━━━━ 202.0/202.0 kB 325.8 kB/s eta 0:00:00
  Downloading https://pypi.tuna.tsinghua.edu.cn/packages/f3/5f/bb2e40150b7fe8b61b24899fa02425b1b417dddc68344b7dc0a366f076bb/mace_torch-0.3.12-py3-none-any.whl (185 kB)
     ━━━━━━━━━━━━━━━━━━━━━━━━━━━━━━━━━━━━━ 185.1/185.1 kB 425.5 kB/s eta 0:00:00
  Downloading https://pypi.tuna.tsinghua.edu.cn/packages/18/a1/ea3515d91c0254103ecac9ee26325ada9b7891bf7dc4b93a4a62e35881f5/mace_torch-0.3.11-py3-none-any.whl (184 kB)
     ━━━━━━━━━━━━━━━━━━━━━━━━━━━━━━━━━━━━━ 184.8/184.8 kB 455.3 kB/s eta 0:00:00
  Downloading https://pypi.tuna.tsinghua.edu.cn/packages/d5/88/608b51ce672f3a61802fa971a060d77778a3642baf466414155394f91c13/mace_torch-0.3.10-py3-none-any.whl (156 kB)
     ━━━━━━━━━━━━━━━━━━━━━━━━━━━━━━━━━━━━━ 156.3/156.3 kB 482.6 kB/s eta 0:00:00
  Downloading https://pypi.tuna.tsinghua.edu.cn/packages/f8/d9/e1d4c461d059a8a6f8ef8644fb7b065970efef426a0bc46ed701940b59de/mace_torch-0.3.9-py3-none-any.whl (152 kB)
     ━━━━━━━━━━━━━━━━━━━━━━━━━━━━━━━━━━━━━ 152.8/152.8 kB 292.2 kB/s eta 0:00:00
Collecting numpy<2.0 (from mace-torch)
  Downloading https://pypi.tuna.tsinghua.edu.cn/packages/0f/50/de23fde84e45f5c4fda2488c759b69990fd4512387a8632860f3ac9cd225/numpy-1.26.4-cp312-cp312-manylinux_2_17_x86_64.manylinux2014_x86_64.whl (18.0 MB)
     ━━━━━━━━━━━━━━━━━━━━━━━━━━━━━━━━━━━━━━━ 18.0/18.0 MB 104.6 MB/s eta 0:00:00
Collecting cuequivariance-torch (from mace-torch)
  Downloading https://pypi.tuna.tsinghua.edu.cn/packages/2b/a3/5c2b6cac9bf5d210536c26bfb1ba191c3c36883ec8188076576332a4a49f/cuequivariance_torch-0.10.0-py3-none-any.whl (183 kB)
     ━━━━━━━━━━━━━━━━━━━━━━━━━━━━━━━━━━━━━ 183.2/183.2 kB 421.2 kB/s eta 0:00:00
Collecting mace-torch
  Downloading https://pypi.tuna.tsinghua.edu.cn/packages/5c/e0/1bf067dbfa5399afe00b6c86a4dc7d023e35cded6f9b7260ce97c6add591/mace_torch-0.3.8-py3-none-any.whl (140 kB)
     ━━━━━━━━━━━━━━━━━━━━━━━━━━━━━━━━━━━━━ 140.3/140.3 kB 426.9 kB/s eta 0:00:00
  Downloading https://pypi.tuna.tsinghua.edu.cn/packages/f4/11/afff9043d8545802bde9da04076d4229fbc9ed536a2b57188f15a5552dcf/mace_torch-0.3.7-py3-none-any.whl (136 kB)
     ━━━━━━━━━━━━━━━━━━━━━━━━━━━━━━━━━━━━━ 137.0/137.0 kB 211.5 kB/s eta 0:00:00
  Downloading https://pypi.tuna.tsinghua.edu.cn/packages/83/95/0477e9094bd4c1a9a9eb2c389a25a65d7fb7a84d444638d392da9cea239d/mace_torch-0.3.6-py3-none-any.whl (115 kB)
     ━━━━━━━━━━━━━━━━━━━━━━━━━━━━━━━━━━━━━ 115.6/115.6 kB 402.9 kB/s eta 0:00:00
  Downloading https://pypi.tuna.tsinghua.edu.cn/packages/99/fb/834e99f816d336eb7b6b1ae737ad514447cddad39d0c6dbb0ac8792666d2/mace_torch-0.3.5-py3-none-any.whl (115 kB)
     ━━━━━━━━━━━━━━━━━━━━━━━━━━━━━━━━━━━━━ 115.3/115.3 kB 633.0 kB/s eta 0:00:00
  Downloading https://pypi.tuna.tsinghua.edu.cn/packages/e6/5f/7a95615c15b42e49d5f6d71d69b3a6399effe543264236dd7997673404ce/mace_torch-0.3.4-py3-none-any.whl (87 kB)
     ━━━━━━━━━━━━━━━━━━━━━━━━━━━━━━━━━━━━━━━ 87.9/87.9 kB 756.3 kB/s eta 0:00:00
  Downloading https://pypi.tuna.tsinghua.edu.cn/packages/6e/9b/f03c14e7ba28fe383e78cba9c16f050834ca6fd540971c38fab9a2360223/mace_torch-0.3.3-py3-none-any.whl (87 kB)
     ━━━━━━━━━━━━━━━━━━━━━━━━━━━━━━━━━━━━━━━ 87.6/87.6 kB 487.5 kB/s eta 0:00:00
ERROR: Cannot install mace-torch==0.3.3, mattersim==1.0.0, mattersim==1.1.0, mattersim==1.1.1, mattersim==1.1.2, mattersim==1.2.0, mattersim==1.2.1, mattersim==1.2.2, mattersim==1.2.3, mattersim==1.2.4 and mattersim==1.2.5 because these package versions have conflicting dependencies.

The conflict is caused by:
    mace-torch 0.3.3 depends on e3nn==0.4.4
    mattersim 1.2.5 depends on e3nn>=0.5.0
    mace-torch 0.3.3 depends on e3nn==0.4.4
    mattersim 1.2.4 depends on e3nn>=0.5.0
    mace-torch 0.3.3 depends on e3nn==0.4.4
    mattersim 1.2.3 depends on e3nn>=0.5.0
    mace-torch 0.3.3 depends on e3nn==0.4.4
    mattersim 1.2.2 depends on e3nn>=0.5.0
    mace-torch 0.3.3 depends on e3nn==0.4.4
    mattersim 1.2.1 depends on e3nn>=0.5.0
    mace-torch 0.3.3 depends on e3nn==0.4.4
    mattersim 1.2.0 depends on e3nn>=0.5.0
    mace-torch 0.3.3 depends on e3nn==0.4.4
    mattersim 1.1.2 depends on e3nn>=0.5.0
    mace-torch 0.3.3 depends on e3nn==0.4.4
    mattersim 1.1.1 depends on e3nn>=0.5.0
    mace-torch 0.3.3 depends on e3nn==0.4.4
    mattersim 1.1.0 depends on e3nn>=0.5.0
    mace-torch 0.3.3 depends on e3nn==0.4.4
    mattersim 1.0.0 depends on e3nn==0.5.0

To fix this you could try to:
1. loosen the range of package versions you've specified
2. remove package versions to allow pip attempt to solve the dependency conflict

ERROR: ResolutionImpossible: for help visit https://pip.pypa.io/en/latest/topics/dependency-resolution/#dealing-with-dependency-conflicts
UIP_PIPS_PARTIAL (per-model gates will show which)
=== fetch_data.sh ===
=== fetch_data.sh: WBM initial structures + MP reference entries ===
Fetching WBM initial (unrelaxed) structures ...
  -> /root/.cache/matbench-discovery/wbm/2022-10-19-wbm-init-structs.json.bz2
Fetching MP computed structure entries (hull reference set) ...
  -> /root/.cache/matbench-discovery/mp/2023-02-07-mp-computed-structure-entries.json.gz
OK. Point mt29_uip_inference.py --wbm-root and mt29_hull_recompute_validation.py --mp-entries at the directories above (or export MT_DATA_ROOT / MT_MP_ENTRIES).
=== fetch_data.sh done ===
Reminder: the WBM SUMMARY csv (2023-12-13-wbm-summary.csv.gz, ground truth) is
already documented in DATA_MANIFEST.md and is expected to already be present at
$MT_DATA_ROOT (default ~/mt_stage0/data) — this script does not re-fetch it.
FETCH_OK
REFS_DERIVED elements=0 from 0 elemental entries
Traceback (most recent call last):
  File "<stdin>", line 36, in <module>
AssertionError: too few elements: 0
DERIVE_REFS_FAILED
MAT_SESSION_DONE
